node.exe : npm warn Unknown env config "devdir". This will stop working in the next major version of npm. See `npm 
help npmrc` for supported config options.
At line:1 char:1
+ & "D:\/node.exe" "D:\/node_modules/npm/bin/npm-cli.js" run build
+ ~~~~~~~~~~~~~~~~~~~~~~~~~~~~~~~~~~~~~~~~~~~~~~~~~~~~~~~~~~~~~~~~
    + CategoryInfo          : NotSpecified: (npm warn Unknow...config options.:String) [], RemoteException
    + FullyQualifiedErrorId : NativeCommandError
 

> date_management@0.1.0 build
> next build

Γû▓ Next.js 16.2.6 (Turbopack)
- Environments: .env.local

ΓÜá The "middleware" file convention is deprecated. Please use "proxy" instead. Learn more: 
https://nextjs.org/docs/messages/middleware-to-proxy
  Creating an optimized production build ...
Γ£ô Compiled successfully in 7.5s
  Running TypeScript ...
  Finished TypeScript in 3.4s ...
  Collecting page data using 11 workers ...
  Generating static pages using 11 workers (0/10) ...
purgeExpiredProducts failed: Error: Dynamic server usage: Route /dashboard/expired couldn't be rendered statically 
because it used `cookies`. See more info here: https://nextjs.org/docs/messages/dynamic-server-error
    at y (D:\date_management\.next\server\chunks\ssr\_0h~tbcq._.js:1:12426)
    at n (D:\date_management\.next\server\chunks\ssr\_0h~tbcq._.js:4:16183)
    at c$ (D:\date_management\.next\server\chunks\ssr\_0h~tbcq._.js:40:56786)
    at h (D:\date_management\.next\server\chunks\ssr\[root-of-the-server]__0zwbfde._.js:1:329)
    at i (D:\date_management\.next\server\chunks\ssr\[root-of-the-server]__0zwbfde._.js:1:667)
    at g (D:\date_management\.next\server\chunks\ssr\[root-of-the-server]__0zwbfde._.js:1:3535) {
  description: "Route /dashboard/expired couldn't be rendered statically because it used `cookies`. See more info 
here: https://nextjs.org/docs/messages/dynamic-server-error",
  digest: 'DYNAMIC_SERVER_USAGE'
}
purgeExpiredProducts failed: Error: Dynamic server usage: Route / couldn't be rendered statically because it used 
`cookies`. See more info here: https://nextjs.org/docs/messages/dynamic-server-error
    at y (D:\date_management\.next\server\chunks\ssr\_0h~tbcq._.js:1:12426)
    at n (D:\date_management\.next\server\chunks\ssr\_0h~tbcq._.js:4:16183)
    at c$ (D:\date_management\.next\server\chunks\ssr\_0h~tbcq._.js:40:56786)
    at h (D:\date_management\.next\server\chunks\ssr\[root-of-the-server]__0zwbfde._.js:1:329)
    at i (D:\date_management\.next\server\chunks\ssr\[root-of-the-server]__0zwbfde._.js:1:667)
    at Q (D:\date_management\.next\server\chunks\ssr\_0gsnsvu._.js:1:10795) {
  description: "Route / couldn't be rendered statically because it used `cookies`. See more info here: 
https://nextjs.org/docs/messages/dynamic-server-error",
  digest: 'DYNAMIC_SERVER_USAGE'
}
  Generating static pages using 11 workers (2/10) 
purgeExpiredProducts failed: Error: Dynamic server usage: Route /products couldn't be rendered statically because it 
used `cookies`. See more info here: https://nextjs.org/docs/messages/dynamic-server-error
    at y (D:\date_management\.next\server\chunks\ssr\_0h~tbcq._.js:1:12426)
    at n (D:\date_management\.next\server\chunks\ssr\_0h~tbcq._.js:4:16183)
    at c$ (D:\date_management\.next\server\chunks\ssr\_0h~tbcq._.js:40:56786)
    at h (D:\date_management\.next\server\chunks\ssr\[root-of-the-server]__0zwbfde._.js:1:329)
    at i (D:\date_management\.next\server\chunks\ssr\[root-of-the-server]__0zwbfde._.js:1:667)
    at f (D:\date_management\.next\server\chunks\ssr\[root-of-the-server]__0t~bc1t._.js:1:3528) {
  description: "Route /products couldn't be rendered statically because it used `cookies`. See more info here: 
https://nextjs.org/docs/messages/dynamic-server-error",
  digest: 'DYNAMIC_SERVER_USAGE'
}
purgeExpiredProducts failed: Error: Dynamic server usage: Route /dashboard/zero-waste couldn't be rendered statically 
because it used `cookies`. See more info here: https://nextjs.org/docs/messages/dynamic-server-error
    at y (D:\date_management\.next\server\chunks\ssr\_0h~tbcq._.js:1:12426)
    at n (D:\date_management\.next\server\chunks\ssr\_0h~tbcq._.js:4:16183)
    at c$ (D:\date_management\.next\server\chunks\ssr\_0h~tbcq._.js:40:56786)
    at h (D:\date_management\.next\server\chunks\ssr\[root-of-the-server]__0zwbfde._.js:1:329)
    at i (D:\date_management\.next\server\chunks\ssr\[root-of-the-server]__0zwbfde._.js:1:667)
    at g (D:\date_management\.next\server\chunks\ssr\[root-of-the-server]__0-nm7ye._.js:1:3417) {
  description: "Route /dashboard/zero-waste couldn't be rendered statically because it used `cookies`. See more info 
here: https://nextjs.org/docs/messages/dynamic-server-error",
  digest: 'DYNAMIC_SERVER_USAGE'
}
  Generating static pages using 11 workers (4/10) 
purgeExpiredProducts failed: Error: Dynamic server usage: Route /dashboard/off-15 couldn't be rendered statically 
because it used `cookies`. See more info here: https://nextjs.org/docs/messages/dynamic-server-error
    at y (D:\date_management\.next\server\chunks\ssr\_0h~tbcq._.js:1:12426)
    at n (D:\date_management\.next\server\chunks\ssr\_0h~tbcq._.js:4:16183)
    at c$ (D:\date_management\.next\server\chunks\ssr\_0h~tbcq._.js:40:56786)
    at h (D:\date_management\.next\server\chunks\ssr\[root-of-the-server]__0zwbfde._.js:1:329)
    at i (D:\date_management\.next\server\chunks\ssr\[root-of-the-server]__0zwbfde._.js:1:667)
    at g (D:\date_management\.next\server\chunks\ssr\[root-of-the-server]__0rvcor.._.js:1:2937) {
  description: "Route /dashboard/off-15 couldn't be rendered statically because it used `cookies`. See more info here: 
https://nextjs.org/docs/messages/dynamic-server-error",
  digest: 'DYNAMIC_SERVER_USAGE'
}
purgeExpiredProducts failed: Error: Dynamic server usage: Route /dashboard/off-30 couldn't be rendered statically 
because it used `cookies`. See more info here: https://nextjs.org/docs/messages/dynamic-server-error
    at y (D:\date_management\.next\server\chunks\ssr\_0h~tbcq._.js:1:12426)
    at n (D:\date_management\.next\server\chunks\ssr\_0h~tbcq._.js:4:16183)
    at c$ (D:\date_management\.next\server\chunks\ssr\_0h~tbcq._.js:40:56786)
    at h (D:\date_management\.next\server\chunks\ssr\[root-of-the-server]__0zwbfde._.js:1:329)
    at i (D:\date_management\.next\server\chunks\ssr\[root-of-the-server]__0zwbfde._.js:1:667)
    at g (D:\date_management\.next\server\chunks\ssr\[root-of-the-server]__0j1-~cp._.js:1:3409) {
  description: "Route /dashboard/off-30 couldn't be rendered statically because it used `cookies`. See more info here: 
https://nextjs.org/docs/messages/dynamic-server-error",
  digest: 'DYNAMIC_SERVER_USAGE'
}
  Generating static pages using 11 workers (7/10) 
Γ£ô Generating static pages using 11 workers (10/10) in 612ms
  Finalizing page optimization ...

Route (app)
Γöî ╞Æ /
Γö£ Γùï /_not-found
Γö£ ╞Æ /dashboard/expired
Γö£ ╞Æ /dashboard/off-15
Γö£ ╞Æ /dashboard/off-30
Γö£ ╞Æ /dashboard/zero-waste
Γö£ Γùï /login
Γöö ╞Æ /products


╞Æ Proxy (Middleware)

Γùï  (Static)   prerendered as static content
╞Æ  (Dynamic)  server-rendered on demand

npm notice
npm notice New minor version of npm available! 11.12.1 -> 11.16.0
npm notice Changelog: https://github.com/npm/cli/releases/tag/v11.16.0
npm notice To update run: npm install -g npm@11.16.0
npm notice
